// Jest Snapshot v1, https://goo.gl/fbAQLP

exports[`RestaurantCard should render correctly 1`] = `
ShallowWrapper {
  Symbol(enzyme.__root__): [Circular],
  Symbol(enzyme.__unrendered__): <RestaurantCard
    restaurant={
      Object {
        "accepts10Bis": true,
        "address": "144 Derech Menachem Begin, Tel Aviv, Israel",
        "cuisine": "French",
        "id": 1,
        "maxDeliveryTime": 60,
        "name": "Chez Tamir",
        "rating": 2,
      }
    }
  />,
  Symbol(enzyme.__renderer__): Object {
    "batchedUpdates": [Function],
    "checkPropTypes": [Function],
    "getNode": [Function],
    "render": [Function],
    "simulateError": [Function],
    "simulateEvent": [Function],
    "unmount": [Function],
  },
  Symbol(enzyme.__node__): Object {
    "instance": null,
    "key": undefined,
    "nodeType": "class",
    "props": Object {
      "children": <div
        className="card-details"
      >
        <h3>
          Chez Tamir
        </h3>
        <span
          className="ten-bis"
        >
          10bis
        </span>
        <div>
          Rating: 
          <span
            aria-label="star"
            role="img"
          >
            ⭐
          </span>
          <span
            aria-label="star"
            role="img"
          >
            ⭐
          </span>
        </div>
      </div>,
      "className": "restaurant-card",
    },
    "ref": null,
    "rendered": Object {
      "instance": null,
      "key": undefined,
      "nodeType": "host",
      "props": Object {
        "children": Array [
          <h3>
            Chez Tamir
          </h3>,
          <span
            className="ten-bis"
          >
            10bis
          </span>,
          <div>
            Rating: 
            <span
              aria-label="star"
              role="img"
            >
              ⭐
            </span>
            <span
              aria-label="star"
              role="img"
            >
              ⭐
            </span>
          </div>,
        ],
        "className": "card-details",
      },
      "ref": null,
      "rendered": Array [
        Object {
          "instance": null,
          "key": undefined,
          "nodeType": "host",
          "props": Object {
            "children": "Chez Tamir",
          },
          "ref": null,
          "rendered": "Chez Tamir",
          "type": "h3",
        },
        Object {
          "instance": null,
          "key": undefined,
          "nodeType": "host",
          "props": Object {
            "children": "10bis",
            "className": "ten-bis",
          },
          "ref": null,
          "rendered": "10bis",
          "type": "span",
        },
        Object {
          "instance": null,
          "key": undefined,
          "nodeType": "host",
          "props": Object {
            "children": Array [
              "Rating: ",
              Array [
                <span
                  aria-label="star"
                  role="img"
                >
                  ⭐
                </span>,
                <span
                  aria-label="star"
                  role="img"
                >
                  ⭐
                </span>,
              ],
            ],
          },
          "ref": null,
          "rendered": Array [
            "Rating: ",
            Object {
              "instance": null,
              "key": "0",
              "nodeType": "host",
              "props": Object {
                "aria-label": "star",
                "children": "⭐",
                "role": "img",
              },
              "ref": null,
              "rendered": "⭐",
              "type": "span",
            },
            Object {
              "instance": null,
              "key": "1",
              "nodeType": "host",
              "props": Object {
                "aria-label": "star",
                "children": "⭐",
                "role": "img",
              },
              "ref": null,
              "rendered": "⭐",
              "type": "span",
            },
          ],
          "type": "div",
        },
      ],
      "type": "div",
    },
    "type": [Function],
  },
  Symbol(enzyme.__nodes__): Array [
    Object {
      "instance": null,
      "key": undefined,
      "nodeType": "class",
      "props": Object {
        "children": <div
          className="card-details"
        >
          <h3>
            Chez Tamir
          </h3>
          <span
            className="ten-bis"
          >
            10bis
          </span>
          <div>
            Rating: 
            <span
              aria-label="star"
              role="img"
            >
              ⭐
            </span>
            <span
              aria-label="star"
              role="img"
            >
              ⭐
            </span>
          </div>
        </div>,
        "className": "restaurant-card",
      },
      "ref": null,
      "rendered": Object {
        "instance": null,
        "key": undefined,
        "nodeType": "host",
        "props": Object {
          "children": Array [
            <h3>
              Chez Tamir
            </h3>,
            <span
              className="ten-bis"
            >
              10bis
            </span>,
            <div>
              Rating: 
              <span
                aria-label="star"
                role="img"
              >
                ⭐
              </span>
              <span
                aria-label="star"
                role="img"
              >
                ⭐
              </span>
            </div>,
          ],
          "className": "card-details",
        },
        "ref": null,
        "rendered": Array [
          Object {
            "instance": null,
            "key": undefined,
            "nodeType": "host",
            "props": Object {
              "children": "Chez Tamir",
            },
            "ref": null,
            "rendered": "Chez Tamir",
            "type": "h3",
          },
          Object {
            "instance": null,
            "key": undefined,
            "nodeType": "host",
            "props": Object {
              "children": "10bis",
              "className": "ten-bis",
            },
            "ref": null,
            "rendered": "10bis",
            "type": "span",
          },
          Object {
            "instance": null,
            "key": undefined,
            "nodeType": "host",
            "props": Object {
              "children": Array [
                "Rating: ",
                Array [
                  <span
                    aria-label="star"
                    role="img"
                  >
                    ⭐
                  </span>,
                  <span
                    aria-label="star"
                    role="img"
                  >
                    ⭐
                  </span>,
                ],
              ],
            },
            "ref": null,
            "rendered": Array [
              "Rating: ",
              Object {
                "instance": null,
                "key": "0",
                "nodeType": "host",
                "props": Object {
                  "aria-label": "star",
                  "children": "⭐",
                  "role": "img",
                },
                "ref": null,
                "rendered": "⭐",
                "type": "span",
              },
              Object {
                "instance": null,
                "key": "1",
                "nodeType": "host",
                "props": Object {
                  "aria-label": "star",
                  "children": "⭐",
                  "role": "img",
                },
                "ref": null,
                "rendered": "⭐",
                "type": "span",
              },
            ],
            "type": "div",
          },
        ],
        "type": "div",
      },
      "type": [Function],
    },
  ],
  Symbol(enzyme.__options__): Object {
    "adapter": ReactSixteenAdapter {
      "options": Object {
        "enableComponentDidUpdateOnSetState": true,
        "legacyContextMode": "parent",
        "lifecycles": Object {
          "componentDidUpdate": Object {
            "onSetState": true,
          },
          "getChildContext": Object {
            "calledByRenderer": false,
          },
          "getDerivedStateFromProps": true,
          "getSnapshotBeforeUpdate": true,
          "setState": Object {
            "skipsComponentDidUpdateOnNullish": true,
          },
        },
      },
    },
  },
}
`;
